// Jest Snapshot v1, https://goo.gl/fbAQLP

exports[`MoviesList is rendered correctly 1`] = `
<div
  className="catalog__movies-list"
>
  <article
    className="small-movie-card catalog__movies-card"
    onMouseEnter={[Function]}
    onMouseLeave={[MockFunction]}
  >
    <div
      className="small-movie-card__image"
      onClick={[Function]}
    >
      <video
        height="175"
        muted={true}
        poster="img/fantastic-beasts-the-crimes-of-grindelwald.jpg"
        width="250"
      />
    </div>
    <h3
      className="small-movie-card__title"
      onClick={[Function]}
    >
      <a
        className="small-movie-card__link"
        href="movie-page.html"
      >
        Fantastic Beasts: The Crimes of Grindelwald
      </a>
    </h3>
  </article>
  <article
    className="small-movie-card catalog__movies-card"
    onMouseEnter={[Function]}
    onMouseLeave={[MockFunction]}
  >
    <div
      className="small-movie-card__image"
      onClick={[Function]}
    >
      <video
        height="175"
        muted={true}
        poster="img/bohemian-rhapsody.jpg"
        width="250"
      />
    </div>
    <h3
      className="small-movie-card__title"
      onClick={[Function]}
    >
      <a
        className="small-movie-card__link"
        href="movie-page.html"
      >
        Bohemian Rhapsody
      </a>
    </h3>
  </article>
</div>
`;
