// Jest Snapshot v1, https://goo.gl/fbAQLP

exports[`UserBlock is rendered correctly 1`] = `
<div
  className="user-block"
>
  <div
    className="user-block__avatar"
    onClick={[Function]}
  >
    <img
      alt="User avatar"
      height="63"
      src="https://es31-server.appspot.com/wtw/static/avatar/9.jpg"
      width="63"
    />
  </div>
</div>
`;
